// Jest Snapshot v1, https://goo.gl/fbAQLP

exports[`should render Expense list item with fixture data 1`] = `
<Link
  className="list-item"
  replace={false}
  to="/edit/1"
>
  <div>
    <h3
      className="list-item__title"
    >
      Gum
    </h3>
    <span
      className="list-item__sub-title"
    >
      01.01.1970 (03:00)
    </span>
  </div>
  <h3
    className="list-item__data"
  >
    $1.95
  </h3>
</Link>
`;
