// Jest Snapshot v1, https://goo.gl/fbAQLP

exports[`should render ExpenseDashboard page correctly 1`] = `
<h3>
  <Connect(ExpenseList) />
  <Connect(ExpenseListFilters) />
</h3>
`;
