// Jest Snapshot v1, https://goo.gl/fbAQLP

exports[`should render Login page correctly 1`] = `
<div
  className="box-layout"
>
  <div
    className="box-layout__box"
  >
    <h1
      className="box-layout__title"
    >
      Expensify
    </h1>
    <p
      className="box-layout__p"
    >
      Control your expenses with Expensify
    </p>
    <button
      className="button__login"
    >
      Login with Google
    </button>
  </div>
</div>
`;
